{
  "column_topology": {
    "07_yellow_column_1": {
      "facets": 560,
      "vertices": 282,
      "edges": 840,
      "euler": 2,
      "duplicate_faces": 0,
      "non_two_incident_edges": 0,
      "inconsistent_oriented_edges": 0,
      "is_solid": true,
      "components": 1,
      "part_valid": true,
      "volume_mm3": 38886.6986259464,
      "bounds": [
        [
          -4.0,
          -4.0,
          0.0
        ],
        [
          24.0,
          24.0,
          250.0
        ]
      ]
    },
    "07_yellow_column_2": {
      "facets": 560,
      "vertices": 282,
      "edges": 840,
      "euler": 2,
      "duplicate_faces": 0,
      "non_two_incident_edges": 0,
      "inconsistent_oriented_edges": 0,
      "is_solid": true,
      "components": 1,
      "part_valid": true,
      "volume_mm3": 38886.6986259464,
      "bounds": [
        [
          -4.0,
          -4.0,
          0.0
        ],
        [
          24.0,
          24.0,
          250.0
        ]
      ]
    },
    "07_yellow_column_3": {
      "facets": 560,
      "vertices": 282,
      "edges": 840,
      "euler": 2,
      "duplicate_faces": 0,
      "non_two_incident_edges": 0,
      "inconsistent_oriented_edges": 0,
      "is_solid": true,
      "components": 1,
      "part_valid": true,
      "volume_mm3": 38886.6986259464,
      "bounds": [
        [
          -4.0,
          -4.0,
          0.0
        ],
        [
          24.0,
          24.0,
          250.0
        ]
      ]
    },
    "07_yellow_column_4": {
      "facets": 560,
      "vertices": 282,
      "edges": 840,
      "euler": 2,
      "duplicate_faces": 0,
      "non_two_incident_edges": 0,
      "inconsistent_oriented_edges": 0,
      "is_solid": true,
      "components": 1,
      "part_valid": true,
      "volume_mm3": 38886.6986259464,
      "bounds": [
        [
          -4.0,
          -4.0,
          0.0
        ],
        [
          24.0,
          24.0,
          250.0
        ]
      ]
    }
  },
  "fcstd_matches": 61,
  "assembly_clashes": [],
  "support_contacts": [
    {
      "column": "07_yellow_column_1",
      "deck": "06_garage_deck_1_left",
      "distance_mm": 0.0,
      "area_mm2": 264.6388418003283
    },
    {
      "column": "07_yellow_column_2",
      "deck": "06_garage_deck_1_right",
      "distance_mm": 0.0,
      "area_mm2": 316.15602018655653
    },
    {
      "column": "07_yellow_column_3",
      "deck": "06_garage_deck_1_left",
      "distance_mm": 0.0,
      "area_mm2": 270.42710076000986
    },
    {
      "column": "07_yellow_column_4",
      "deck": "06_garage_deck_1_right",
      "distance_mm": 0.0,
      "area_mm2": 321.9442683254012
    },
    {
      "column": "07_yellow_column_1",
      "deck": "06_garage_deck_2_left",
      "distance_mm": 0.0,
      "area_mm2": 264.6388418003283
    },
    {
      "column": "07_yellow_column_2",
      "deck": "06_garage_deck_2_right",
      "distance_mm": 0.0,
      "area_mm2": 316.15602018655653
    },
    {
      "column": "07_yellow_column_3",
      "deck": "06_garage_deck_2_left",
      "distance_mm": 0.0,
      "area_mm2": 270.42710076000986
    },
    {
      "column": "07_yellow_column_4",
      "deck": "06_garage_deck_2_right",
      "distance_mm": 0.0,
      "area_mm2": 321.9442683254012
    },
    {
      "column": "07_yellow_column_1",
      "deck": "06_garage_deck_3_left",
      "distance_mm": 0.0,
      "area_mm2": 264.6388418003283
    },
    {
      "column": "07_yellow_column_2",
      "deck": "06_garage_deck_3_right",
      "distance_mm": 0.0,
      "area_mm2": 316.15602018655653
    },
    {
      "column": "07_yellow_column_3",
      "deck": "06_garage_deck_3_left",
      "distance_mm": 0.0,
      "area_mm2": 270.42710076000986
    },
    {
      "column": "07_yellow_column_4",
      "deck": "06_garage_deck_3_right",
      "distance_mm": 0.0,
      "area_mm2": 321.9442683254012
    }
  ],
  "comparison": {
    "old_union_valid": true,
    "old_union_volume": 38886.69862537661,
    "new_volume": 38886.698625946396,
    "old_minus_new_mm3": 0.0,
    "new_minus_old_mm3": 0.0,
    "all_four_local_meshes_identical": true,
    "all_four_placements_unchanged": true
  },
  "yellow_3mf": [
    {
      "name": "07_yellow_column_1",
      "matches_current_stl": true,
      "is_solid": true
    },
    {
      "name": "07_yellow_column_2",
      "matches_current_stl": true,
      "is_solid": true
    },
    {
      "name": "07_yellow_column_3",
      "matches_current_stl": true,
      "is_solid": true
    },
    {
      "name": "07_yellow_column_4",
      "matches_current_stl": true,
      "is_solid": true
    }
  ]
}
