[
  {
    "name": "01_base_01",
    "label": "底板 1/4",
    "placement": [
      1.0,
      0.0,
      0.0,
      0.0,
      0.0,
      1.0,
      0.0,
      0.0,
      0.0,
      0.0,
      1.0,
      0.0,
      0.0,
      0.0,
      0.0,
      1.0
    ],
    "facets": 44,
    "matches_stl": true
  },
  {
    "name": "01_base_02",
    "label": "底板 2/4",
    "placement": [
      1.0,
      0.0,
      0.0,
      230.0,
      0.0,
      1.0,
      0.0,
      0.0,
      0.0,
      0.0,
      1.0,
      0.0,
      0.0,
      0.0,
      0.0,
      1.0
    ],
    "facets": 100,
    "matches_stl": true
  },
  {
    "name": "01_base_03",
    "label": "底板 3/4",
    "placement": [
      1.0,
      0.0,
      0.0,
      460.0,
      0.0,
      1.0,
      0.0,
      0.0,
      0.0,
      0.0,
      1.0,
      0.0,
      0.0,
      0.0,
      0.0,
      1.0
    ],
    "facets": 76,
    "matches_stl": true
  },
  {
    "name": "01_base_04",
    "label": "底板 4/4",
    "placement": [
      1.0,
      0.0,
      0.0,
      690.0,
      0.0,
      1.0,
      0.0,
      0.0,
      0.0,
      0.0,
      1.0,
      0.0,
      0.0,
      0.0,
      0.0,
      1.0
    ],
    "facets": 56,
    "matches_stl": true
  },
  {
    "name": "02_back_r1_c1",
    "label": "背板 第1行 第1列",
    "placement": [
      1.0,
      0.0,
      0.0,
      0.0,
      0.0,
      2.220446049250313e-16,
      -1.0,
      220.0,
      0.0,
      1.0,
      2.220446049250313e-16,
      8.0,
      0.0,
      0.0,
      0.0,
      1.0
    ],
    "facets": 12,
    "matches_stl": true
  },
  {
    "name": "02_back_r1_c2",
    "label": "背板 第1行 第2列",
    "placement": [
      1.0,
      0.0,
      0.0,
      230.0,
      0.0,
      2.220446049250313e-16,
      -1.0,
      220.0,
      0.0,
      1.0,
      2.220446049250313e-16,
      8.0,
      0.0,
      0.0,
      0.0,
      1.0
    ],
    "facets": 12,
    "matches_stl": true
  },
  {
    "name": "02_back_r1_c3",
    "label": "背板 第1行 第3列",
    "placement": [
      1.0,
      0.0,
      0.0,
      460.0,
      0.0,
      2.220446049250313e-16,
      -1.0,
      220.0,
      0.0,
      1.0,
      2.220446049250313e-16,
      8.0,
      0.0,
      0.0,
      0.0,
      1.0
    ],
    "facets": 12,
    "matches_stl": true
  },
  {
    "name": "02_back_r1_c4",
    "label": "背板 第1行 第4列",
    "placement": [
      1.0,
      0.0,
      0.0,
      690.0,
      0.0,
      2.220446049250313e-16,
      -1.0,
      220.0,
      0.0,
      1.0,
      2.220446049250313e-16,
      8.0,
      0.0,
      0.0,
      0.0,
      1.0
    ],
    "facets": 12,
    "matches_stl": true
  },
  {
    "name": "02_back_r2_c1",
    "label": "背板 第2行 第1列",
    "placement": [
      1.0,
      0.0,
      0.0,
      0.0,
      0.0,
      2.220446049250313e-16,
      -1.0,
      220.0,
      0.0,
      1.0,
      2.220446049250313e-16,
      158.0,
      0.0,
      0.0,
      0.0,
      1.0
    ],
    "facets": 12,
    "matches_stl": true
  },
  {
    "name": "02_back_r2_c2",
    "label": "背板 第2行 第2列",
    "placement": [
      1.0,
      0.0,
      0.0,
      230.0,
      0.0,
      2.220446049250313e-16,
      -1.0,
      220.0,
      0.0,
      1.0,
      2.220446049250313e-16,
      158.0,
      0.0,
      0.0,
      0.0,
      1.0
    ],
    "facets": 12,
    "matches_stl": true
  },
  {
    "name": "02_back_r2_c3",
    "label": "背板 第2行 第3列",
    "placement": [
      1.0,
      0.0,
      0.0,
      460.0,
      0.0,
      2.220446049250313e-16,
      -1.0,
      220.0,
      0.0,
      1.0,
      2.220446049250313e-16,
      158.0,
      0.0,
      0.0,
      0.0,
      1.0
    ],
    "facets": 12,
    "matches_stl": true
  },
  {
    "name": "02_back_r2_c4",
    "label": "背板 第2行 第4列",
    "placement": [
      1.0,
      0.0,
      0.0,
      690.0,
      0.0,
      2.220446049250313e-16,
      -1.0,
      220.0,
      0.0,
      1.0,
      2.220446049250313e-16,
      158.0,
      0.0,
      0.0,
      0.0,
      1.0
    ],
    "facets": 12,
    "matches_stl": true
  },
  {
    "name": "03_back_join_plate_01",
    "label": "背板竖缝连接片 1",
    "placement": [
      1.0,
      0.0,
      0.0,
      205.0,
      0.0,
      2.220446049250313e-16,
      -1.0,
      223.0,
      0.0,
      1.0,
      2.220446049250313e-16,
      66.0,
      0.0,
      0.0,
      0.0,
      1.0
    ],
    "facets": 12,
    "matches_stl": true
  },
  {
    "name": "03_back_join_plate_02",
    "label": "背板竖缝连接片 2",
    "placement": [
      1.0,
      0.0,
      0.0,
      435.0,
      0.0,
      2.220446049250313e-16,
      -1.0,
      223.0,
      0.0,
      1.0,
      2.220446049250313e-16,
      66.0,
      0.0,
      0.0,
      0.0,
      1.0
    ],
    "facets": 12,
    "matches_stl": true
  },
  {
    "name": "03_back_join_plate_03",
    "label": "背板竖缝连接片 3",
    "placement": [
      1.0,
      0.0,
      0.0,
      665.0,
      0.0,
      2.220446049250313e-16,
      -1.0,
      223.0,
      0.0,
      1.0,
      2.220446049250313e-16,
      66.0,
      0.0,
      0.0,
      0.0,
      1.0
    ],
    "facets": 12,
    "matches_stl": true
  },
  {
    "name": "03_back_join_plate_04",
    "label": "背板竖缝连接片 4",
    "placement": [
      1.0,
      0.0,
      0.0,
      205.0,
      0.0,
      2.220446049250313e-16,
      -1.0,
      223.0,
      0.0,
      1.0,
      2.220446049250313e-16,
      216.0,
      0.0,
      0.0,
      0.0,
      1.0
    ],
    "facets": 12,
    "matches_stl": true
  },
  {
    "name": "03_back_join_plate_05",
    "label": "背板竖缝连接片 5",
    "placement": [
      1.0,
      0.0,
      0.0,
      435.0,
      0.0,
      2.220446049250313e-16,
      -1.0,
      223.0,
      0.0,
      1.0,
      2.220446049250313e-16,
      216.0,
      0.0,
      0.0,
      0.0,
      1.0
    ],
    "facets": 12,
    "matches_stl": true
  },
  {
    "name": "03_back_join_plate_06",
    "label": "背板竖缝连接片 6",
    "placement": [
      1.0,
      0.0,
      0.0,
      665.0,
      0.0,
      2.220446049250313e-16,
      -1.0,
      223.0,
      0.0,
      1.0,
      2.220446049250313e-16,
      216.0,
      0.0,
      0.0,
      0.0,
      1.0
    ],
    "facets": 12,
    "matches_stl": true
  },
  {
    "name": "03_back_join_plate_07",
    "label": "背板横缝连接片 7",
    "placement": [
      1.0,
      0.0,
      0.0,
      90.0,
      0.0,
      2.220446049250313e-16,
      -1.0,
      223.0,
      0.0,
      1.0,
      2.220446049250313e-16,
      140.0,
      0.0,
      0.0,
      0.0,
      1.0
    ],
    "facets": 12,
    "matches_stl": true
  },
  {
    "name": "03_back_join_plate_08",
    "label": "背板横缝连接片 8",
    "placement": [
      1.0,
      0.0,
      0.0,
      320.0,
      0.0,
      2.220446049250313e-16,
      -1.0,
      223.0,
      0.0,
      1.0,
      2.220446049250313e-16,
      140.0,
      0.0,
      0.0,
      0.0,
      1.0
    ],
    "facets": 12,
    "matches_stl": true
  },
  {
    "name": "03_back_join_plate_09",
    "label": "背板横缝连接片 9",
    "placement": [
      1.0,
      0.0,
      0.0,
      550.0,
      0.0,
      2.220446049250313e-16,
      -1.0,
      223.0,
      0.0,
      1.0,
      2.220446049250313e-16,
      140.0,
      0.0,
      0.0,
      0.0,
      1.0
    ],
    "facets": 12,
    "matches_stl": true
  },
  {
    "name": "03_back_join_plate_10",
    "label": "背板横缝连接片 10",
    "placement": [
      1.0,
      0.0,
      0.0,
      780.0,
      0.0,
      2.220446049250313e-16,
      -1.0,
      223.0,
      0.0,
      1.0,
      2.220446049250313e-16,
      140.0,
      0.0,
      0.0,
      0.0,
      1.0
    ],
    "facets": 12,
    "matches_stl": true
  },
  {
    "name": "04_divider_lower_with_tongue",
    "label": "中隔板 下段（含榫舌）",
    "placement": [
      0.0,
      0.0,
      1.0,
      360.0,
      1.0,
      0.0,
      0.0,
      0.0,
      0.0,
      1.0,
      0.0,
      4.0,
      0.0,
      0.0,
      0.0,
      1.0
    ],
    "facets": 12,
    "matches_stl": true
  },
  {
    "name": "04_divider_upper",
    "label": "中隔板 上段",
    "placement": [
      0.0,
      0.0,
      1.0,
      360.0,
      1.0,
      0.0,
      0.0,
      0.0,
      0.0,
      1.0,
      0.0,
      156.0,
      0.0,
      0.0,
      0.0,
      1.0
    ],
    "facets": 12,
    "matches_stl": true
  },
  {
    "name": "04_divider_vertical_join_plate",
    "label": "中隔板 背面连接片",
    "placement": [
      1.0,
      0.0,
      0.0,
      366.0,
      0.0,
      2.220446049250313e-16,
      -1.0,
      218.0,
      0.0,
      1.0,
      2.220446049250313e-16,
      135.0,
      0.0,
      0.0,
      0.0,
      1.0
    ],
    "facets": 12,
    "matches_stl": true
  },
  {
    "name": "05_right_panel_lower_with_tongue",
    "label": "右侧板 下段（含榫舌）",
    "placement": [
      0.0,
      0.0,
      1.0,
      914.0,
      1.0,
      0.0,
      0.0,
      0.0,
      0.0,
      1.0,
      0.0,
      4.0,
      0.0,
      0.0,
      0.0,
      1.0
    ],
    "facets": 12,
    "matches_stl": true
  },
  {
    "name": "05_right_panel_upper",
    "label": "右侧板 上段",
    "placement": [
      0.0,
      0.0,
      1.0,
      914.0,
      1.0,
      0.0,
      0.0,
      0.0,
      0.0,
      1.0,
      0.0,
      156.0,
      0.0,
      0.0,
      0.0,
      1.0
    ],
    "facets": 12,
    "matches_stl": true
  },
  {
    "name": "05_right_panel_vertical_join_plate",
    "label": "右侧板 背面连接片",
    "placement": [
      1.0,
      0.0,
      0.0,
      920.0,
      0.0,
      2.220446049250313e-16,
      -1.0,
      218.0,
      0.0,
      1.0,
      2.220446049250313e-16,
      135.0,
      0.0,
      0.0,
      0.0,
      1.0
    ],
    "facets": 12,
    "matches_stl": true
  },
  {
    "name": "08_reinforcing_rib_1",
    "label": "三角加强肋 1/4",
    "placement": [
      1.0,
      0.0,
      0.0,
      366.0,
      0.0,
      1.0,
      0.0,
      12.0,
      0.0,
      0.0,
      1.0,
      8.0,
      0.0,
      0.0,
      0.0,
      1.0
    ],
    "facets": 8,
    "matches_stl": true
  },
  {
    "name": "08_reinforcing_rib_2",
    "label": "三角加强肋 2/4",
    "placement": [
      1.0,
      0.0,
      0.0,
      366.0,
      0.0,
      1.0,
      0.0,
      183.0,
      0.0,
      0.0,
      1.0,
      8.0,
      0.0,
      0.0,
      0.0,
      1.0
    ],
    "facets": 8,
    "matches_stl": true
  },
  {
    "name": "08_reinforcing_rib_3",
    "label": "三角加强肋 3/4",
    "placement": [
      1.0,
      0.0,
      0.0,
      914.0,
      0.0,
      1.0,
      0.0,
      12.0,
      0.0,
      0.0,
      1.0,
      8.0,
      0.0,
      0.0,
      0.0,
      1.0
    ],
    "facets": 8,
    "matches_stl": true
  },
  {
    "name": "08_reinforcing_rib_4",
    "label": "三角加强肋 4/4",
    "placement": [
      1.0,
      0.0,
      0.0,
      914.0,
      0.0,
      1.0,
      0.0,
      183.0,
      0.0,
      0.0,
      1.0,
      8.0,
      0.0,
      0.0,
      0.0,
      1.0
    ],
    "facets": 8,
    "matches_stl": true
  },
  {
    "name": "06_garage_deck_1_left",
    "label": "停车层板 第1层 左",
    "placement": [
      1.0,
      0.0,
      0.0,
      0.0,
      0.0,
      1.0,
      0.0,
      0.0,
      0.0,
      0.0,
      1.0,
      66.0,
      0.0,
      0.0,
      0.0,
      1.0
    ],
    "facets": 12,
    "matches_stl": true
  },
  {
    "name": "06_garage_deck_1_right",
    "label": "停车层板 第1层 右",
    "placement": [
      1.0,
      0.0,
      0.0,
      180.0,
      0.0,
      1.0,
      0.0,
      0.0,
      0.0,
      0.0,
      1.0,
      66.0,
      0.0,
      0.0,
      0.0,
      1.0
    ],
    "facets": 12,
    "matches_stl": true
  },
  {
    "name": "06_garage_deck_1_join_plate",
    "label": "停车层板 第1层 连接片",
    "placement": [
      1.0,
      0.0,
      0.0,
      159.0,
      0.0,
      1.0,
      0.0,
      50.0,
      0.0,
      0.0,
      1.0,
      63.0,
      0.0,
      0.0,
      0.0,
      1.0
    ],
    "facets": 12,
    "matches_stl": true
  },
  {
    "name": "06_garage_deck_2_left",
    "label": "停车层板 第2层 左",
    "placement": [
      1.0,
      0.0,
      0.0,
      0.0,
      0.0,
      1.0,
      0.0,
      0.0,
      0.0,
      0.0,
      1.0,
      129.0,
      0.0,
      0.0,
      0.0,
      1.0
    ],
    "facets": 12,
    "matches_stl": true
  },
  {
    "name": "06_garage_deck_2_right",
    "label": "停车层板 第2层 右",
    "placement": [
      1.0,
      0.0,
      0.0,
      180.0,
      0.0,
      1.0,
      0.0,
      0.0,
      0.0,
      0.0,
      1.0,
      129.0,
      0.0,
      0.0,
      0.0,
      1.0
    ],
    "facets": 12,
    "matches_stl": true
  },
  {
    "name": "06_garage_deck_2_join_plate",
    "label": "停车层板 第2层 连接片",
    "placement": [
      1.0,
      0.0,
      0.0,
      159.0,
      0.0,
      1.0,
      0.0,
      50.0,
      0.0,
      0.0,
      1.0,
      126.0,
      0.0,
      0.0,
      0.0,
      1.0
    ],
    "facets": 12,
    "matches_stl": true
  },
  {
    "name": "06_garage_deck_3_left",
    "label": "停车层板 第3层 左",
    "placement": [
      1.0,
      0.0,
      0.0,
      0.0,
      0.0,
      1.0,
      0.0,
      0.0,
      0.0,
      0.0,
      1.0,
      192.0,
      0.0,
      0.0,
      0.0,
      1.0
    ],
    "facets": 12,
    "matches_stl": true
  },
  {
    "name": "06_garage_deck_3_right",
    "label": "停车层板 第3层 右",
    "placement": [
      1.0,
      0.0,
      0.0,
      180.0,
      0.0,
      1.0,
      0.0,
      0.0,
      0.0,
      0.0,
      1.0,
      192.0,
      0.0,
      0.0,
      0.0,
      1.0
    ],
    "facets": 12,
    "matches_stl": true
  },
  {
    "name": "06_garage_deck_3_join_plate",
    "label": "停车层板 第3层 连接片",
    "placement": [
      1.0,
      0.0,
      0.0,
      159.0,
      0.0,
      1.0,
      0.0,
      50.0,
      0.0,
      0.0,
      1.0,
      189.0,
      0.0,
      0.0,
      0.0,
      1.0
    ],
    "facets": 12,
    "matches_stl": true
  },
  {
    "name": "07_yellow_column_1",
    "label": "黄色承重柱 1/4",
    "placement": [
      1.0,
      0.0,
      0.0,
      0.0,
      0.0,
      1.0,
      0.0,
      0.0,
      0.0,
      0.0,
      1.0,
      8.0,
      0.0,
      0.0,
      0.0,
      1.0
    ],
    "facets": 80,
    "matches_stl": true
  },
  {
    "name": "07_yellow_column_2",
    "label": "黄色承重柱 2/4",
    "placement": [
      1.0,
      0.0,
      0.0,
      174.0,
      0.0,
      1.0,
      0.0,
      0.0,
      0.0,
      0.0,
      1.0,
      8.0,
      0.0,
      0.0,
      0.0,
      1.0
    ],
    "facets": 80,
    "matches_stl": true
  },
  {
    "name": "07_yellow_column_3",
    "label": "黄色承重柱 3/4",
    "placement": [
      1.0,
      0.0,
      0.0,
      186.0,
      0.0,
      1.0,
      0.0,
      0.0,
      0.0,
      0.0,
      1.0,
      8.0,
      0.0,
      0.0,
      0.0,
      1.0
    ],
    "facets": 80,
    "matches_stl": true
  },
  {
    "name": "07_yellow_column_4",
    "label": "黄色承重柱 4/4",
    "placement": [
      1.0,
      0.0,
      0.0,
      348.0,
      0.0,
      1.0,
      0.0,
      0.0,
      0.0,
      0.0,
      1.0,
      8.0,
      0.0,
      0.0,
      0.0,
      1.0
    ],
    "facets": 80,
    "matches_stl": true
  },
  {
    "name": "09_billboard_1",
    "label": "广告牌 面板 1/3",
    "placement": [
      1.0,
      0.0,
      0.0,
      200.0,
      0.0,
      2.220446049250313e-16,
      -1.0,
      220.0,
      0.0,
      1.0,
      2.220446049250313e-16,
      420.0,
      0.0,
      0.0,
      0.0,
      1.0
    ],
    "facets": 12,
    "matches_stl": true
  },
  {
    "name": "09_billboard_2",
    "label": "广告牌 面板 2/3",
    "placement": [
      1.0,
      0.0,
      0.0,
      374.0,
      0.0,
      2.220446049250313e-16,
      -1.0,
      220.0,
      0.0,
      1.0,
      2.220446049250313e-16,
      420.0,
      0.0,
      0.0,
      0.0,
      1.0
    ],
    "facets": 12,
    "matches_stl": true
  },
  {
    "name": "09_billboard_3",
    "label": "广告牌 面板 3/3",
    "placement": [
      1.0,
      0.0,
      0.0,
      548.0,
      0.0,
      2.220446049250313e-16,
      -1.0,
      220.0,
      0.0,
      1.0,
      2.220446049250313e-16,
      420.0,
      0.0,
      0.0,
      0.0,
      1.0
    ],
    "facets": 12,
    "matches_stl": true
  },
  {
    "name": "09_billboard_join_plate_1",
    "label": "广告牌 背面连接片 1/2",
    "placement": [
      1.0,
      0.0,
      0.0,
      330.0,
      0.0,
      2.220446049250313e-16,
      -1.0,
      226.0,
      0.0,
      1.0,
      2.220446049250313e-16,
      436.0,
      0.0,
      0.0,
      0.0,
      1.0
    ],
    "facets": 12,
    "matches_stl": true
  },
  {
    "name": "09_billboard_join_plate_2",
    "label": "广告牌 背面连接片 2/2",
    "placement": [
      1.0,
      0.0,
      0.0,
      504.0,
      0.0,
      2.220446049250313e-16,
      -1.0,
      226.0,
      0.0,
      1.0,
      2.220446049250313e-16,
      436.0,
      0.0,
      0.0,
      0.0,
      1.0
    ],
    "facets": 12,
    "matches_stl": true
  },
  {
    "name": "10_billboard_post_1",
    "label": "广告牌柱 1/2",
    "placement": [
      1.0,
      0.0,
      0.0,
      250.0,
      0.0,
      1.0,
      0.0,
      214.0,
      0.0,
      0.0,
      1.0,
      300.0,
      0.0,
      0.0,
      0.0,
      1.0
    ],
    "facets": 80,
    "matches_stl": true
  },
  {
    "name": "10_billboard_post_2",
    "label": "广告牌柱 2/2",
    "placement": [
      1.0,
      0.0,
      0.0,
      520.0,
      0.0,
      1.0,
      0.0,
      214.0,
      0.0,
      0.0,
      1.0,
      300.0,
      0.0,
      0.0,
      0.0,
      1.0
    ],
    "facets": 80,
    "matches_stl": true
  },
  {
    "name": "11_book_depot_sign",
    "label": "BOOK DEPOT 蓝色底牌",
    "placement": [
      2.220446049250313e-16,
      0.0,
      1.0,
      914.0,
      0.0,
      -1.0,
      0.0,
      36.0,
      1.0,
      0.0,
      -2.220446049250313e-16,
      50.0,
      0.0,
      0.0,
      0.0,
      1.0
    ],
    "facets": 12,
    "matches_stl": true
  },
  {
    "name": "12_billboard_text_lovely_car_ive_driven",
    "label": "广告牌白色文字",
    "placement": [
      1.0,
      0.0,
      0.0,
      240.0,
      0.0,
      2.220446049250313e-16,
      -1.0,
      213.0,
      0.0,
      1.0,
      2.220446049250313e-16,
      426.0,
      0.0,
      0.0,
      0.0,
      1.0
    ],
    "facets": 6468,
    "matches_stl": true
  },
  {
    "name": "13_sign_text_book_depot",
    "label": "BOOK DEPOT 白色文字",
    "placement": [
      2.220446049250313e-16,
      0.0,
      1.0,
      913.0,
      0.0,
      -1.0,
      0.0,
      36.0,
      1.0,
      0.0,
      -2.220446049250313e-16,
      50.0,
      0.0,
      0.0,
      0.0,
      1.0
    ],
    "facets": 2016,
    "matches_stl": true
  }
]
