Clashes: [
  {
    "a": "01_base_01",
    "b": "01_base_02",
    "volume_mm3": 3840.0
  },
  {
    "a": "01_base_03",
    "b": "01_base_04",
    "volume_mm3": 3840.0
  },
  {
    "a": "02_back_r1_c2",
    "b": "04_divider_lower_with_tongue",
    "volume_mm3": 4500.0
  },
  {
    "a": "02_back_r1_c2",
    "b": "04_divider_upper",
    "volume_mm3": 60.0
  },
  {
    "a": "02_back_r1_c2",
    "b": "04_divider_vertical_join_plate",
    "volume_mm3": 3105.0
  },
  {
    "a": "02_back_r1_c4",
    "b": "05_right_panel_lower_with_tongue",
    "volume_mm3": 4500.0
  },
  {
    "a": "02_back_r1_c4",
    "b": "05_right_panel_upper",
    "volume_mm3": 60.0
  },
  {
    "a": "02_back_r2_c2",
    "b": "04_divider_lower_with_tongue",
    "volume_mm3": 60.0
  },
  {
    "a": "02_back_r2_c2",
    "b": "04_divider_upper",
    "volume_mm3": 4440.0
  },
  {
    "a": "02_back_r2_c2",
    "b": "04_divider_vertical_join_plate",
    "volume_mm3": 6345.0
  },
  {
    "a": "02_back_r2_c2",
    "b": "10_billboard_post_1",
    "volume_mm3": 411.841
  },
  {
    "a": "02_back_r2_c3",
    "b": "10_billboard_post_2",
    "volume_mm3": 411.843
  },
  {
    "a": "02_back_r2_c4",
    "b": "05_right_panel_lower_with_tongue",
    "volume_mm3": 60.0
  },
  {
    "a": "02_back_r2_c4",
    "b": "05_right_panel_upper",
    "volume_mm3": 4440.0
  },
  {
    "a": "04_divider_lower_with_tongue",
    "b": "04_divider_upper",
    "volume_mm3": 5280.0
  },
  {
    "a": "05_right_panel_lower_with_tongue",
    "b": "05_right_panel_upper",
    "volume_mm3": 5280.0
  },
  {
    "a": "05_right_panel_lower_with_tongue",
    "b": "08_reinforcing_rib_3",
    "volume_mm3": 660.0
  },
  {
    "a": "05_right_panel_lower_with_tongue",
    "b": "08_reinforcing_rib_4",
    "volume_mm3": 660.0
  },
  {
    "a": "05_right_panel_lower_with_tongue",
    "b": "11_book_depot_sign",
    "volume_mm3": 23760.0
  },
  {
    "a": "05_right_panel_upper",
    "b": "11_book_depot_sign",
    "volume_mm3": 15984.0
  },
  {
    "a": "06_garage_deck_1_left",
    "b": "07_yellow_column_1",
    "volume_mm3": 556.231
  },
  {
    "a": "06_garage_deck_1_left",
    "b": "07_yellow_column_2",
    "volume_mm3": 278.115
  },
  {
    "a": "06_garage_deck_1_right",
    "b": "07_yellow_column_2",
    "volume_mm3": 278.115
  },
  {
    "a": "06_garage_deck_1_right",
    "b": "07_yellow_column_3",
    "volume_mm3": 556.231
  },
  {
    "a": "06_garage_deck_1_right",
    "b": "07_yellow_column_4",
    "volume_mm3": 556.23
  },
  {
    "a": "06_garage_deck_2_left",
    "b": "07_yellow_column_1",
    "volume_mm3": 556.231
  },
  {
    "a": "06_garage_deck_2_left",
    "b": "07_yellow_column_2",
    "volume_mm3": 278.115
  },
  {
    "a": "06_garage_deck_2_right",
    "b": "07_yellow_column_2",
    "volume_mm3": 278.115
  },
  {
    "a": "06_garage_deck_2_right",
    "b": "07_yellow_column_3",
    "volume_mm3": 556.231
  },
  {
    "a": "06_garage_deck_2_right",
    "b": "07_yellow_column_4",
    "volume_mm3": 556.23
  },
  {
    "a": "06_garage_deck_3_left",
    "b": "07_yellow_column_1",
    "volume_mm3": 556.231
  },
  {
    "a": "06_garage_deck_3_left",
    "b": "07_yellow_column_2",
    "volume_mm3": 278.115
  },
  {
    "a": "06_garage_deck_3_right",
    "b": "07_yellow_column_2",
    "volume_mm3": 278.115
  },
  {
    "a": "06_garage_deck_3_right",
    "b": "07_yellow_column_3",
    "volume_mm3": 556.231
  },
  {
    "a": "06_garage_deck_3_right",
    "b": "07_yellow_column_4",
    "volume_mm3": 556.23
  }
]
Projects: [
  {
    "file": "01-灰色结构件-x2d-pla.3mf",
    "plates": 22,
    "objects": 41,
    "settings": {
      "brim_type": "auto_brim",
      "brim_width": "0",
      "extruder_printable_area": [
        "0x0,256x0,256x256,0x256",
        "20.5x0,256x0,256x256,20.5x256"
      ],
      "extruder_printable_height": [
        "261",
        "256"
      ],
      "filament_printable": [
        "3"
      ],
      "independent_support_layer_height": "1",
      "layer_height": "0.2",
      "max_layer_height": [
        "0"
      ],
      "min_layer_height": [
        "0.07"
      ],
      "minimum_sparse_infill_area": "15",
      "prime_tower_brim_width": "-1",
      "printable_area": [
        "0x0",
        "256x0",
        "256x256",
        "0x256"
      ],
      "printable_height": "261",
      "printer_model": "Bambu Lab X2D",
      "sparse_infill_acceleration": [
        "100%",
        "100%",
        "100%",
        "100%",
        "100%",
        "100%"
      ],
      "sparse_infill_anchor": "400%",
      "sparse_infill_anchor_max": "20",
      "sparse_infill_density": "20%",
      "sparse_infill_filament": "0",
      "sparse_infill_lattice_angle_1": "-45",
      "sparse_infill_lattice_angle_2": "45",
      "sparse_infill_line_width": "0.4",
      "sparse_infill_pattern": "cubic",
      "sparse_infill_speed": [
        "270",
        "600",
        "600",
        "200",
        "200",
        "200"
      ],
      "wall_loops": "2"
    }
  },
  {
    "file": "02-黄色立柱-x2d-pla.3mf",
    "plates": 1,
    "objects": 4,
    "settings": {
      "brim_type": "auto_brim",
      "brim_width": "0",
      "extruder_printable_area": [
        "0x0,256x0,256x256,0x256",
        "20.5x0,256x0,256x256,20.5x256"
      ],
      "extruder_printable_height": [
        "261",
        "256"
      ],
      "filament_printable": [
        "3"
      ],
      "independent_support_layer_height": "1",
      "layer_height": "0.2",
      "max_layer_height": [
        "0"
      ],
      "min_layer_height": [
        "0.07"
      ],
      "minimum_sparse_infill_area": "15",
      "prime_tower_brim_width": "-1",
      "printable_area": [
        "0x0",
        "256x0",
        "256x256",
        "0x256"
      ],
      "printable_height": "261",
      "printer_model": "Bambu Lab X2D",
      "sparse_infill_acceleration": [
        "100%",
        "100%",
        "100%",
        "100%",
        "100%",
        "100%"
      ],
      "sparse_infill_anchor": "400%",
      "sparse_infill_anchor_max": "20",
      "sparse_infill_density": "20%",
      "sparse_infill_filament": "0",
      "sparse_infill_lattice_angle_1": "-45",
      "sparse_infill_lattice_angle_2": "45",
      "sparse_infill_line_width": "0.4",
      "sparse_infill_pattern": "cubic",
      "sparse_infill_speed": [
        "270",
        "600",
        "600",
        "200",
        "200",
        "200"
      ],
      "wall_loops": "2"
    }
  },
  {
    "file": "03-黑色广告牌-x2d-pla.3mf",
    "plates": 1,
    "objects": 7,
    "settings": {
      "brim_type": "auto_brim",
      "brim_width": "0",
      "extruder_printable_area": [
        "0x0,256x0,256x256,0x256",
        "20.5x0,256x0,256x256,20.5x256"
      ],
      "extruder_printable_height": [
        "261",
        "256"
      ],
      "filament_printable": [
        "3"
      ],
      "independent_support_layer_height": "1",
      "layer_height": "0.2",
      "max_layer_height": [
        "0"
      ],
      "min_layer_height": [
        "0.07"
      ],
      "minimum_sparse_infill_area": "15",
      "prime_tower_brim_width": "-1",
      "printable_area": [
        "0x0",
        "256x0",
        "256x256",
        "0x256"
      ],
      "printable_height": "261",
      "printer_model": "Bambu Lab X2D",
      "sparse_infill_acceleration": [
        "100%",
        "100%",
        "100%",
        "100%",
        "100%",
        "100%"
      ],
      "sparse_infill_anchor": "400%",
      "sparse_infill_anchor_max": "20",
      "sparse_infill_density": "20%",
      "sparse_infill_filament": "0",
      "sparse_infill_lattice_angle_1": "-45",
      "sparse_infill_lattice_angle_2": "45",
      "sparse_infill_line_width": "0.4",
      "sparse_infill_pattern": "cubic",
      "sparse_infill_speed": [
        "270",
        "600",
        "600",
        "200",
        "200",
        "200"
      ],
      "wall_loops": "2"
    }
  },
  {
    "file": "04-蓝色竖牌-x2d-pla.3mf",
    "plates": 1,
    "objects": 1,
    "settings": {
      "brim_type": "auto_brim",
      "brim_width": "0",
      "extruder_printable_area": [
        "0x0,256x0,256x256,0x256",
        "20.5x0,256x0,256x256,20.5x256"
      ],
      "extruder_printable_height": [
        "261",
        "256"
      ],
      "filament_printable": [
        "3"
      ],
      "independent_support_layer_height": "1",
      "layer_height": "0.2",
      "max_layer_height": [
        "0"
      ],
      "min_layer_height": [
        "0.07"
      ],
      "minimum_sparse_infill_area": "15",
      "prime_tower_brim_width": "-1",
      "printable_area": [
        "0x0",
        "256x0",
        "256x256",
        "0x256"
      ],
      "printable_height": "261",
      "printer_model": "Bambu Lab X2D",
      "sparse_infill_acceleration": [
        "100%",
        "100%",
        "100%",
        "100%",
        "100%",
        "100%"
      ],
      "sparse_infill_anchor": "400%",
      "sparse_infill_anchor_max": "20",
      "sparse_infill_density": "20%",
      "sparse_infill_filament": "0",
      "sparse_infill_lattice_angle_1": "-45",
      "sparse_infill_lattice_angle_2": "45",
      "sparse_infill_line_width": "0.4",
      "sparse_infill_pattern": "cubic",
      "sparse_infill_speed": [
        "270",
        "600",
        "600",
        "200",
        "200",
        "200"
      ],
      "wall_loops": "2"
    }
  },
  {
    "file": "05-白色文字-x2d-pla.3mf",
    "plates": 1,
    "objects": 2,
    "settings": {
      "brim_type": "auto_brim",
      "brim_width": "0",
      "extruder_printable_area": [
        "0x0,256x0,256x256,0x256",
        "20.5x0,256x0,256x256,20.5x256"
      ],
      "extruder_printable_height": [
        "261",
        "256"
      ],
      "filament_printable": [
        "3"
      ],
      "independent_support_layer_height": "1",
      "layer_height": "0.2",
      "max_layer_height": [
        "0"
      ],
      "min_layer_height": [
        "0.07"
      ],
      "minimum_sparse_infill_area": "15",
      "prime_tower_brim_width": "-1",
      "printable_area": [
        "0x0",
        "256x0",
        "256x256",
        "0x256"
      ],
      "printable_height": "261",
      "printer_model": "Bambu Lab X2D",
      "sparse_infill_acceleration": [
        "100%",
        "100%",
        "100%",
        "100%",
        "100%",
        "100%"
      ],
      "sparse_infill_anchor": "400%",
      "sparse_infill_anchor_max": "20",
      "sparse_infill_density": "20%",
      "sparse_infill_filament": "0",
      "sparse_infill_lattice_angle_1": "-45",
      "sparse_infill_lattice_angle_2": "45",
      "sparse_infill_line_width": "0.4",
      "sparse_infill_pattern": "cubic",
      "sparse_infill_speed": [
        "270",
        "600",
        "600",
        "200",
        "200",
        "200"
      ],
      "wall_loops": "2"
    }
  }
]
