{
  "projects": [
    {
      "file": "01-灰色结构件-x2d-pla.3mf",
      "settings": {
        "printer_model": "",
        "printer_settings_id": null,
        "printable_area": [
          "0x0",
          "200x0",
          "200x200",
          "0x200"
        ],
        "printable_height": "100",
        "wall_loops": "2",
        "sparse_infill_density": "20%",
        "brim_width": "0"
      },
      "plate_counts": [
        35,
        12
      ],
      "unassigned": []
    },
    {
      "file": "02-黄色立柱-x2d-pla.3mf",
      "settings": {
        "printer_model": "",
        "printer_settings_id": null,
        "printable_area": [
          "0x0",
          "200x0",
          "200x200",
          "0x200"
        ],
        "printable_height": "100",
        "wall_loops": "2",
        "sparse_infill_density": "20%",
        "brim_width": "0"
      },
      "plate_counts": [
        4
      ],
      "unassigned": []
    },
    {
      "file": "03-黑色广告牌-x2d-pla.3mf",
      "settings": {
        "printer_model": "",
        "printer_settings_id": null,
        "printable_area": [
          "0x0",
          "200x0",
          "200x200",
          "0x200"
        ],
        "printable_height": "100",
        "wall_loops": "2",
        "sparse_infill_density": "20%",
        "brim_width": "0"
      },
      "plate_counts": [
        4,
        3
      ],
      "unassigned": []
    },
    {
      "file": "04-蓝色竖牌-x2d-pla.3mf",
      "settings": {
        "printer_model": "",
        "printer_settings_id": null,
        "printable_area": [
          "0x0",
          "200x0",
          "200x200",
          "0x200"
        ],
        "printable_height": "100",
        "wall_loops": "2",
        "sparse_infill_density": "20%",
        "brim_width": "0"
      },
      "plate_counts": [
        1
      ],
      "unassigned": []
    },
    {
      "file": "05-白色文字-x2d-pla.3mf",
      "settings": {
        "printer_model": "",
        "printer_settings_id": null,
        "printable_area": [
          "0x0",
          "200x0",
          "200x200",
          "0x200"
        ],
        "printable_height": "100",
        "wall_loops": "2",
        "sparse_infill_density": "20%",
        "brim_width": "0"
      },
      "plate_counts": [
        1
      ],
      "unassigned": [
        "12_billboard_text_lovely_car_ive_driven.stl"
      ]
    }
  ],
  "column": {
    "facets": 560,
    "is_solid": false,
    "component_counts": {
      "80": 1,
      "60": 6,
      "1": 120
    },
    "duplicate_triangle_pairs": 60,
    "primitive_union_valid": true,
    "primitive_union_volume": 38886.69862537659,
    "intended_deck_distance": 0.0,
    "intended_deck_collision_volume": 0.0,
    "intended_contact_area": 264.638841800328
  }
}
