{
  "mesh_count": 61,
  "stl_matches": 61,
  "clashes": [],
  "contacts": [
    {
      "a": "05_right_panel_vertical_join_plate",
      "b": "05_right_panel_lower",
      "distance_mm": 0.0
    },
    {
      "a": "05_right_panel_vertical_join_plate",
      "b": "05_right_panel_upper",
      "distance_mm": 0.0
    },
    {
      "a": "04_divider_vertical_join_plate",
      "b": "04_divider_lower",
      "distance_mm": 0.0
    },
    {
      "a": "04_divider_vertical_join_plate",
      "b": "04_divider_upper",
      "distance_mm": 0.0
    },
    {
      "a": "09_billboard_join_plate_1",
      "b": "09_billboard_1",
      "distance_mm": 0.0
    },
    {
      "a": "09_billboard_join_plate_1",
      "b": "09_billboard_2",
      "distance_mm": 0.0
    },
    {
      "a": "09_billboard_join_plate_2",
      "b": "09_billboard_2",
      "distance_mm": 0.0
    },
    {
      "a": "09_billboard_join_plate_2",
      "b": "09_billboard_3",
      "distance_mm": 0.0
    },
    {
      "a": "10_billboard_post_1",
      "b": "02_back_r2_c2",
      "distance_mm": 0.0
    },
    {
      "a": "10_billboard_post_1",
      "b": "09_billboard_1",
      "distance_mm": 0.0
    },
    {
      "a": "06_garage_deck_1_left",
      "b": "02_back_r1_c1",
      "distance_mm": 0.0
    },
    {
      "a": "06_garage_deck_1_left",
      "b": "07_yellow_column_1",
      "distance_mm": 0.0
    },
    {
      "a": "06_garage_deck_1_left",
      "b": "07_yellow_column_3",
      "distance_mm": 0.0
    },
    {
      "a": "11_book_depot_sign",
      "b": "05_right_panel_lower",
      "distance_mm": 0.0
    }
  ],
  "projects": [
    {
      "file": "01-灰色结构件-x2d-pla.3mf",
      "matches": 47,
      "count": 47,
      "settings": {
        "wall_loops": "2",
        "sparse_infill_density": "20%",
        "brim_type": "auto_brim",
        "brim_width": "0",
        "enable_support": "0",
        "support_type": "normal(auto)"
      }
    },
    {
      "file": "02-黄色立柱-x2d-pla.3mf",
      "matches": 4,
      "count": 4,
      "settings": {
        "wall_loops": "2",
        "sparse_infill_density": "20%",
        "brim_type": "auto_brim",
        "brim_width": "0",
        "enable_support": "0",
        "support_type": "normal(auto)"
      }
    },
    {
      "file": "03-黑色广告牌-x2d-pla.3mf",
      "matches": 7,
      "count": 7,
      "settings": {
        "wall_loops": "2",
        "sparse_infill_density": "20%",
        "brim_type": "auto_brim",
        "brim_width": "0",
        "enable_support": "0",
        "support_type": "normal(auto)"
      }
    },
    {
      "file": "04-蓝色竖牌-x2d-pla.3mf",
      "matches": 1,
      "count": 1,
      "settings": {
        "wall_loops": "2",
        "sparse_infill_density": "20%",
        "brim_type": "auto_brim",
        "brim_width": "0",
        "enable_support": "0",
        "support_type": "normal(auto)"
      }
    },
    {
      "file": "05-白色文字-x2d-pla.3mf",
      "matches": 2,
      "count": 2,
      "settings": {
        "wall_loops": "2",
        "sparse_infill_density": "20%",
        "brim_type": "auto_brim",
        "brim_width": "0",
        "enable_support": "0",
        "support_type": "normal(auto)"
      }
    }
  ]
}
